2026-01-29 19:28:15,435 - Knowledge - INFO - Created shared MongoDB connection pool
2026-01-29 19:28:15,732 - Knowledge - INFO - Starting Knowledge Graph processing with 20 threads
2026-01-29 19:28:15,909 - Knowledge - INFO - Initial configuration: chunk_size=65536, max_cache_size=500
2026-01-29 19:28:16,071 - Knowledge - INFO - Knowledge Graph concurrency configuration: workers=20, max_batch_size=10, max_concurrent_llm_calls=50
2026-01-29 19:28:17,653 - Knowledge - INFO - 🔍 _load_persisted_knowledge called - checking for Redis optimization
2026-01-29 19:28:17,872 - Knowledge - WARNING - ❌ load_from_redis method not found - Redis support not attached
2026-01-29 19:28:18,029 - Knowledge - INFO - load persisted knowledge: begin
2026-01-29 19:28:18,193 - Knowledge - INFO - Loaded 0 files from persisted knowledge
2026-01-29 19:28:18,365 - Knowledge - INFO - load persisted knowledge: end
2026-01-29 19:28:18,565 - Knowledge - WARNING - No persisted knowledge found. Files will be queued during start()
2026-01-29 19:28:18,754 - Knowledge - INFO - Redis support added with prefix knowledge:b6626ha:
2026-01-29 19:28:18,953 - Knowledge - INFO - Starting knowledge initialization for ID: pORuxh-b6626ha
2026-01-29 19:28:19,149 - Knowledge - INFO - 🔍 Checking Redis for build_id: b6626ha
2026-01-29 19:28:19,346 - Knowledge - INFO - 🔍 Full session ID: pORuxh-b6626ha
2026-01-29 19:28:19,531 - Knowledge - INFO - 🔍 Redis prefix will be: knowledge:b6626ha:
2026-01-29 19:28:19,768 - Knowledge - INFO - 🔍 Using attached load_from_redis() method
2026-01-29 19:28:19,921 - Knowledge - INFO - 🔍 Attempting to load knowledge from Redis...
2026-01-29 19:28:20,107 - Knowledge - INFO - 🔍 Using derived instance_id for Redis lookup: b6626ha
2026-01-29 19:28:20,280 - Knowledge - WARNING - ❌ No Redis cache found
2026-01-29 19:28:20,494 - Knowledge - INFO - 📁 Loading knowledge from disk...
2026-01-29 19:28:20,737 - Knowledge - INFO - load persisted docinfo: begin
2026-01-29 19:28:20,902 - Knowledge - INFO - load persisted docinfo: end
2026-01-29 19:28:21,043 - Knowledge - INFO - 🔍 _load_persisted_knowledge called - checking for Redis optimization
2026-01-29 19:28:21,237 - Knowledge - INFO - ✅ load_from_redis method found - attempting Redis load
2026-01-29 19:28:21,404 - Knowledge - INFO - 🔍 Attempting to load knowledge from Redis...
2026-01-29 19:28:21,610 - Knowledge - INFO - 🔍 Using derived instance_id for Redis lookup: b6626ha
2026-01-29 19:28:21,781 - Knowledge - WARNING - ❌ No Redis cache found
2026-01-29 19:28:21,960 - Knowledge - INFO - ❌ Redis load returned False - falling back to file loading
2026-01-29 19:28:22,113 - Knowledge - INFO - load persisted knowledge: begin
2026-01-29 19:28:22,323 - Knowledge - INFO - Loaded 0 files from persisted knowledge
2026-01-29 19:28:22,499 - Knowledge - INFO - load persisted knowledge: end
2026-01-29 19:28:22,673 - Knowledge - INFO - 📁 Disk load complete in 1.98s
2026-01-29 19:28:22,848 - Knowledge - INFO - Populating ingest queue with source files...
2026-01-29 19:28:23,021 - Knowledge - INFO - Added 0 files from /app/data/b2c/231909/b6626ha/kavia_test-231909 to ingest queue
2026-01-29 19:28:23,230 - Knowledge - INFO - [WEBSOCKET] Sent: Type=progress_update, Size: 156, Duration: 0ms
2026-01-29 19:28:23,389 - Knowledge - INFO - Worker kw1 created using shared MongoDB connection pool
2026-01-29 19:28:23,604 - Knowledge - INFO - knowledge worker kw1 start
2026-01-29 19:28:23,614 - Knowledge - INFO - Saving knowledge to Redis...
2026-01-29 19:28:23,848 - Knowledge - INFO - Knowledge saved to Redis successfully
2026-01-29 19:32:43,175 - Knowledge - INFO - Created shared MongoDB connection pool
2026-01-29 19:32:43,527 - Knowledge - INFO - Starting Knowledge Graph processing with 20 threads
2026-01-29 19:32:43,718 - Knowledge - INFO - Initial configuration: chunk_size=65536, max_cache_size=500
2026-01-29 19:32:43,891 - Knowledge - INFO - Knowledge Graph concurrency configuration: workers=20, max_batch_size=10, max_concurrent_llm_calls=50
2026-01-29 19:32:44,777 - Knowledge - INFO - 🔍 _load_persisted_knowledge called - checking for Redis optimization
2026-01-29 19:32:44,946 - Knowledge - WARNING - ❌ load_from_redis method not found - Redis support not attached
2026-01-29 19:32:45,162 - Knowledge - INFO - load persisted knowledge: begin
2026-01-29 19:32:45,327 - Knowledge - INFO - Loaded 0 files from persisted knowledge
2026-01-29 19:32:45,547 - Knowledge - INFO - load persisted knowledge: end
2026-01-29 19:32:45,719 - Knowledge - WARNING - No persisted knowledge found. Files will be queued during start()
2026-01-29 19:32:45,889 - Knowledge - INFO - Redis support added with prefix knowledge:b6626ha:
2026-01-29 19:32:46,105 - Knowledge - INFO - Starting knowledge initialization for ID: UVDVsF-b6626ha
2026-01-29 19:32:46,309 - Knowledge - INFO - 🔍 Checking Redis for build_id: b6626ha
2026-01-29 19:32:46,491 - Knowledge - INFO - 🔍 Full session ID: UVDVsF-b6626ha
2026-01-29 19:32:46,657 - Knowledge - INFO - 🔍 Redis prefix will be: knowledge:b6626ha:
2026-01-29 19:32:46,855 - Knowledge - INFO - 🔍 Using attached load_from_redis() method
2026-01-29 19:32:47,047 - Knowledge - INFO - 🔍 Attempting to load knowledge from Redis...
2026-01-29 19:32:47,239 - Knowledge - INFO - 🔍 Using derived instance_id for Redis lookup: b6626ha
2026-01-29 19:32:47,419 - Knowledge - INFO - ✅ Redis cache found! Loading knowledge...
2026-01-29 19:32:47,602 - Knowledge - INFO - ✅ Successfully loaded from Redis: 0 files
2026-01-29 19:32:47,765 - Knowledge - INFO - ✅ Redis load complete: 0 files in 0.91s
2026-01-29 19:32:48,006 - Knowledge - INFO - ⚡ Total Redis path: 0.91s (vs ~300s from disk)
2026-01-29 19:32:48,225 - Knowledge - INFO - Saving knowledge to Redis...
2026-01-29 19:32:48,446 - Knowledge - INFO - Knowledge saved to Redis successfully
2026-01-29 19:35:45,237 - Knowledge - INFO - Created shared MongoDB connection pool
2026-01-29 19:35:45,575 - Knowledge - INFO - Starting Knowledge Graph processing with 20 threads
2026-01-29 19:35:45,777 - Knowledge - INFO - Initial configuration: chunk_size=65536, max_cache_size=500
2026-01-29 19:35:45,951 - Knowledge - INFO - Knowledge Graph concurrency configuration: workers=20, max_batch_size=10, max_concurrent_llm_calls=50
2026-01-29 19:35:46,895 - Knowledge - INFO - 🔍 _load_persisted_knowledge called - checking for Redis optimization
2026-01-29 19:35:47,056 - Knowledge - WARNING - ❌ load_from_redis method not found - Redis support not attached
2026-01-29 19:35:47,216 - Knowledge - INFO - load persisted knowledge: begin
2026-01-29 19:35:47,389 - Knowledge - INFO - Loaded 0 files from persisted knowledge
2026-01-29 19:35:47,550 - Knowledge - INFO - load persisted knowledge: end
2026-01-29 19:35:47,736 - Knowledge - WARNING - No persisted knowledge found. Files will be queued during start()
2026-01-29 19:35:47,926 - Knowledge - INFO - Redis support added with prefix knowledge:b6626ha:
2026-01-29 19:35:48,098 - Knowledge - INFO - Starting knowledge initialization for ID: 0AtJbO-b6626ha
2026-01-29 19:35:48,260 - Knowledge - INFO - 🔍 Checking Redis for build_id: b6626ha
2026-01-29 19:35:48,448 - Knowledge - INFO - 🔍 Full session ID: 0AtJbO-b6626ha
2026-01-29 19:35:48,608 - Knowledge - INFO - 🔍 Redis prefix will be: knowledge:b6626ha:
2026-01-29 19:35:48,788 - Knowledge - INFO - 🔍 Using attached load_from_redis() method
2026-01-29 19:35:49,030 - Knowledge - INFO - 🔍 Attempting to load knowledge from Redis...
2026-01-29 19:35:49,190 - Knowledge - INFO - 🔍 Using derived instance_id for Redis lookup: b6626ha
2026-01-29 19:35:49,395 - Knowledge - INFO - ✅ Redis cache found! Loading knowledge...
2026-01-29 19:35:49,595 - Knowledge - INFO - ✅ Successfully loaded from Redis: 0 files
2026-01-29 19:35:49,824 - Knowledge - INFO - ✅ Redis load complete: 0 files in 1.04s
2026-01-29 19:35:50,035 - Knowledge - INFO - ⚡ Total Redis path: 1.04s (vs ~300s from disk)
2026-01-29 19:35:50,236 - Knowledge - INFO - Saving knowledge to Redis...
2026-01-29 19:35:50,429 - Knowledge - INFO - Knowledge saved to Redis successfully
2026-01-29 20:21:18,510 - Knowledge - INFO - Created shared MongoDB connection pool
2026-01-29 20:21:18,833 - Knowledge - INFO - Starting Knowledge Graph processing with 20 threads
2026-01-29 20:21:19,022 - Knowledge - INFO - Initial configuration: chunk_size=65536, max_cache_size=500
2026-01-29 20:21:19,196 - Knowledge - INFO - Knowledge Graph concurrency configuration: workers=20, max_batch_size=10, max_concurrent_llm_calls=50
2026-01-29 20:21:20,199 - Knowledge - INFO - 🔍 _load_persisted_knowledge called - checking for Redis optimization
2026-01-29 20:21:20,379 - Knowledge - WARNING - ❌ load_from_redis method not found - Redis support not attached
2026-01-29 20:21:20,552 - Knowledge - INFO - load persisted knowledge: begin
2026-01-29 20:21:20,721 - Knowledge - INFO - Loaded 0 files from persisted knowledge
2026-01-29 20:21:20,874 - Knowledge - INFO - load persisted knowledge: end
2026-01-29 20:21:21,056 - Knowledge - WARNING - No persisted knowledge found. Files will be queued during start()
2026-01-29 20:21:21,256 - Knowledge - INFO - Redis support added with prefix knowledge:b6626ha:
2026-01-29 20:21:21,453 - Knowledge - INFO - Starting knowledge initialization for ID: cGzUsE-b6626ha
2026-01-29 20:21:21,609 - Knowledge - INFO - 🔍 Checking Redis for build_id: b6626ha
2026-01-29 20:21:21,800 - Knowledge - INFO - 🔍 Full session ID: cGzUsE-b6626ha
2026-01-29 20:21:22,010 - Knowledge - INFO - 🔍 Redis prefix will be: knowledge:b6626ha:
2026-01-29 20:21:22,208 - Knowledge - INFO - 🔍 Using attached load_from_redis() method
2026-01-29 20:21:22,387 - Knowledge - INFO - 🔍 Attempting to load knowledge from Redis...
2026-01-29 20:21:22,554 - Knowledge - INFO - 🔍 Using derived instance_id for Redis lookup: b6626ha
2026-01-29 20:21:22,744 - Knowledge - INFO - ✅ Redis cache found! Loading knowledge...
2026-01-29 20:21:22,945 - Knowledge - INFO - ✅ Successfully loaded from Redis: 0 files
2026-01-29 20:21:23,140 - Knowledge - INFO - ✅ Redis load complete: 0 files in 0.93s
2026-01-29 20:21:23,320 - Knowledge - INFO - ⚡ Total Redis path: 0.93s (vs ~300s from disk)
2026-01-29 20:21:23,493 - Knowledge - INFO - Saving knowledge to Redis...
2026-01-29 20:21:23,694 - Knowledge - INFO - Knowledge saved to Redis successfully
2026-01-29 20:21:52,433 - Knowledge - INFO - Created shared MongoDB connection pool
2026-01-29 20:21:52,791 - Knowledge - INFO - Starting Knowledge Graph processing with 20 threads
2026-01-29 20:21:52,986 - Knowledge - INFO - Initial configuration: chunk_size=65536, max_cache_size=500
2026-01-29 20:21:53,165 - Knowledge - INFO - Knowledge Graph concurrency configuration: workers=20, max_batch_size=10, max_concurrent_llm_calls=50
2026-01-29 20:21:54,123 - Knowledge - INFO - 🔍 _load_persisted_knowledge called - checking for Redis optimization
2026-01-29 20:21:54,300 - Knowledge - WARNING - ❌ load_from_redis method not found - Redis support not attached
2026-01-29 20:21:54,476 - Knowledge - INFO - load persisted knowledge: begin
2026-01-29 20:21:54,652 - Knowledge - INFO - Loaded 0 files from persisted knowledge
2026-01-29 20:21:54,824 - Knowledge - INFO - load persisted knowledge: end
2026-01-29 20:21:54,985 - Knowledge - WARNING - No persisted knowledge found. Files will be queued during start()
2026-01-29 20:21:55,178 - Knowledge - INFO - Redis support added with prefix knowledge:b6626ha:
2026-01-29 20:21:55,374 - Knowledge - INFO - Starting knowledge initialization for ID: Bt4hhh-b6626ha
2026-01-29 20:21:55,560 - Knowledge - INFO - 🔍 Checking Redis for build_id: b6626ha
2026-01-29 20:21:55,722 - Knowledge - INFO - 🔍 Full session ID: Bt4hhh-b6626ha
2026-01-29 20:21:55,871 - Knowledge - INFO - 🔍 Redis prefix will be: knowledge:b6626ha:
2026-01-29 20:21:56,057 - Knowledge - INFO - 🔍 Using attached load_from_redis() method
2026-01-29 20:21:56,258 - Knowledge - INFO - 🔍 Attempting to load knowledge from Redis...
2026-01-29 20:21:56,443 - Knowledge - INFO - 🔍 Using derived instance_id for Redis lookup: b6626ha
2026-01-29 20:21:56,619 - Knowledge - INFO - ✅ Redis cache found! Loading knowledge...
2026-01-29 20:21:56,782 - Knowledge - INFO - ✅ Successfully loaded from Redis: 0 files
2026-01-29 20:21:56,933 - Knowledge - INFO - ✅ Redis load complete: 0 files in 0.88s
2026-01-29 20:21:57,131 - Knowledge - INFO - ⚡ Total Redis path: 0.88s (vs ~300s from disk)
2026-01-29 20:21:57,352 - Knowledge - INFO - Saving knowledge to Redis...
2026-01-29 20:21:57,588 - Knowledge - INFO - Knowledge saved to Redis successfully
2026-01-29 20:22:32,902 - Knowledge - INFO - Created shared MongoDB connection pool
2026-01-29 20:22:33,260 - Knowledge - INFO - Starting Knowledge Graph processing with 20 threads
2026-01-29 20:22:33,460 - Knowledge - INFO - Initial configuration: chunk_size=65536, max_cache_size=500
2026-01-29 20:22:33,633 - Knowledge - INFO - Knowledge Graph concurrency configuration: workers=20, max_batch_size=10, max_concurrent_llm_calls=50
2026-01-29 20:22:34,625 - Knowledge - INFO - 🔍 _load_persisted_knowledge called - checking for Redis optimization
2026-01-29 20:22:34,821 - Knowledge - WARNING - ❌ load_from_redis method not found - Redis support not attached
2026-01-29 20:22:35,009 - Knowledge - INFO - load persisted knowledge: begin
2026-01-29 20:22:35,165 - Knowledge - INFO - Loaded 0 files from persisted knowledge
2026-01-29 20:22:35,384 - Knowledge - INFO - load persisted knowledge: end
2026-01-29 20:22:35,554 - Knowledge - WARNING - No persisted knowledge found. Files will be queued during start()
2026-01-29 20:22:35,756 - Knowledge - INFO - Redis support added with prefix knowledge:b6626ha:
2026-01-29 20:22:35,970 - Knowledge - INFO - Starting knowledge initialization for ID: ekdlKW-b6626ha
2026-01-29 20:22:36,144 - Knowledge - INFO - 🔍 Checking Redis for build_id: b6626ha
2026-01-29 20:22:36,305 - Knowledge - INFO - 🔍 Full session ID: ekdlKW-b6626ha
2026-01-29 20:22:36,508 - Knowledge - INFO - 🔍 Redis prefix will be: knowledge:b6626ha:
2026-01-29 20:22:36,725 - Knowledge - INFO - 🔍 Using attached load_from_redis() method
2026-01-29 20:22:36,923 - Knowledge - INFO - 🔍 Attempting to load knowledge from Redis...
2026-01-29 20:22:37,112 - Knowledge - INFO - 🔍 Using derived instance_id for Redis lookup: b6626ha
2026-01-29 20:22:37,325 - Knowledge - INFO - ✅ Redis cache found! Loading knowledge...
2026-01-29 20:22:37,480 - Knowledge - INFO - ✅ Successfully loaded from Redis: 0 files
2026-01-29 20:22:37,644 - Knowledge - INFO - ✅ Redis load complete: 0 files in 0.92s
2026-01-29 20:22:37,801 - Knowledge - INFO - ⚡ Total Redis path: 0.92s (vs ~300s from disk)
2026-01-29 20:22:37,987 - Knowledge - INFO - Saving knowledge to Redis...
2026-01-29 20:22:38,196 - Knowledge - INFO - Knowledge saved to Redis successfully
2026-01-29 20:23:23,913 - Knowledge - INFO - Created shared MongoDB connection pool
2026-01-29 20:23:24,263 - Knowledge - INFO - Starting Knowledge Graph processing with 20 threads
2026-01-29 20:23:24,433 - Knowledge - INFO - Initial configuration: chunk_size=65536, max_cache_size=500
2026-01-29 20:23:24,609 - Knowledge - INFO - Knowledge Graph concurrency configuration: workers=20, max_batch_size=10, max_concurrent_llm_calls=50
2026-01-29 20:23:25,492 - Knowledge - INFO - 🔍 _load_persisted_knowledge called - checking for Redis optimization
2026-01-29 20:23:25,665 - Knowledge - WARNING - ❌ load_from_redis method not found - Redis support not attached
2026-01-29 20:23:25,858 - Knowledge - INFO - load persisted knowledge: begin
2026-01-29 20:23:26,052 - Knowledge - INFO - Loaded 0 files from persisted knowledge
2026-01-29 20:23:26,269 - Knowledge - INFO - load persisted knowledge: end
2026-01-29 20:23:26,458 - Knowledge - WARNING - No persisted knowledge found. Files will be queued during start()
2026-01-29 20:23:26,619 - Knowledge - INFO - Redis support added with prefix knowledge:b6626ha:
2026-01-29 20:23:26,816 - Knowledge - INFO - Starting knowledge initialization for ID: gectKw-b6626ha
2026-01-29 20:23:26,977 - Knowledge - INFO - 🔍 Checking Redis for build_id: b6626ha
2026-01-29 20:23:27,200 - Knowledge - INFO - 🔍 Full session ID: gectKw-b6626ha
2026-01-29 20:23:27,366 - Knowledge - INFO - 🔍 Redis prefix will be: knowledge:b6626ha:
2026-01-29 20:23:27,544 - Knowledge - INFO - 🔍 Using attached load_from_redis() method
2026-01-29 20:23:27,720 - Knowledge - INFO - 🔍 Attempting to load knowledge from Redis...
2026-01-29 20:23:27,893 - Knowledge - INFO - 🔍 Using derived instance_id for Redis lookup: b6626ha
2026-01-29 20:23:28,092 - Knowledge - INFO - ✅ Redis cache found! Loading knowledge...
2026-01-29 20:23:28,261 - Knowledge - INFO - ✅ Successfully loaded from Redis: 0 files
2026-01-29 20:23:28,473 - Knowledge - INFO - ✅ Redis load complete: 0 files in 0.93s
2026-01-29 20:23:28,639 - Knowledge - INFO - ⚡ Total Redis path: 0.93s (vs ~300s from disk)
2026-01-29 20:23:28,858 - Knowledge - INFO - Saving knowledge to Redis...
2026-01-29 20:23:29,067 - Knowledge - INFO - Knowledge saved to Redis successfully
2026-01-29 20:24:20,746 - Knowledge - INFO - Created shared MongoDB connection pool
2026-01-29 20:24:21,056 - Knowledge - INFO - Starting Knowledge Graph processing with 20 threads
2026-01-29 20:24:21,259 - Knowledge - INFO - Initial configuration: chunk_size=65536, max_cache_size=500
2026-01-29 20:24:21,400 - Knowledge - INFO - Knowledge Graph concurrency configuration: workers=20, max_batch_size=10, max_concurrent_llm_calls=50
2026-01-29 20:24:22,294 - Knowledge - INFO - 🔍 _load_persisted_knowledge called - checking for Redis optimization
2026-01-29 20:24:22,474 - Knowledge - WARNING - ❌ load_from_redis method not found - Redis support not attached
2026-01-29 20:24:22,637 - Knowledge - INFO - load persisted knowledge: begin
2026-01-29 20:24:22,840 - Knowledge - INFO - Loaded 0 files from persisted knowledge
2026-01-29 20:24:23,006 - Knowledge - INFO - load persisted knowledge: end
2026-01-29 20:24:23,184 - Knowledge - WARNING - No persisted knowledge found. Files will be queued during start()
2026-01-29 20:24:23,393 - Knowledge - INFO - Redis support added with prefix knowledge:b6626ha:
2026-01-29 20:24:23,592 - Knowledge - INFO - Starting knowledge initialization for ID: jAIl3I-b6626ha
2026-01-29 20:24:23,756 - Knowledge - INFO - 🔍 Checking Redis for build_id: b6626ha
2026-01-29 20:24:23,946 - Knowledge - INFO - 🔍 Full session ID: jAIl3I-b6626ha
2026-01-29 20:24:24,154 - Knowledge - INFO - 🔍 Redis prefix will be: knowledge:b6626ha:
2026-01-29 20:24:24,384 - Knowledge - INFO - 🔍 Using attached load_from_redis() method
2026-01-29 20:24:24,599 - Knowledge - INFO - 🔍 Attempting to load knowledge from Redis...
2026-01-29 20:24:24,816 - Knowledge - INFO - 🔍 Using derived instance_id for Redis lookup: b6626ha
2026-01-29 20:24:24,989 - Knowledge - INFO - ✅ Redis cache found! Loading knowledge...
2026-01-29 20:24:25,164 - Knowledge - INFO - ✅ Successfully loaded from Redis: 0 files
2026-01-29 20:24:25,386 - Knowledge - INFO - ✅ Redis load complete: 0 files in 1.00s
2026-01-29 20:24:25,539 - Knowledge - INFO - ⚡ Total Redis path: 1.00s (vs ~300s from disk)
2026-01-29 20:24:25,704 - Knowledge - INFO - Saving knowledge to Redis...
2026-01-29 20:24:25,858 - Knowledge - INFO - Knowledge saved to Redis successfully
2026-01-29 20:25:41,029 - Knowledge - INFO - Created shared MongoDB connection pool
2026-01-29 20:25:41,341 - Knowledge - INFO - Starting Knowledge Graph processing with 20 threads
2026-01-29 20:25:41,510 - Knowledge - INFO - Initial configuration: chunk_size=65536, max_cache_size=500
2026-01-29 20:25:41,677 - Knowledge - INFO - Knowledge Graph concurrency configuration: workers=20, max_batch_size=10, max_concurrent_llm_calls=50
2026-01-29 20:25:42,590 - Knowledge - INFO - 🔍 _load_persisted_knowledge called - checking for Redis optimization
2026-01-29 20:25:42,746 - Knowledge - WARNING - ❌ load_from_redis method not found - Redis support not attached
2026-01-29 20:25:42,977 - Knowledge - INFO - load persisted knowledge: begin
2026-01-29 20:25:43,149 - Knowledge - INFO - Loaded 0 files from persisted knowledge
2026-01-29 20:25:43,360 - Knowledge - INFO - load persisted knowledge: end
2026-01-29 20:25:43,523 - Knowledge - WARNING - No persisted knowledge found. Files will be queued during start()
2026-01-29 20:25:43,688 - Knowledge - INFO - Redis support added with prefix knowledge:b6626ha:
2026-01-29 20:25:43,882 - Knowledge - INFO - Starting knowledge initialization for ID: nsVuJz-b6626ha
2026-01-29 20:25:44,066 - Knowledge - INFO - 🔍 Checking Redis for build_id: b6626ha
2026-01-29 20:25:44,237 - Knowledge - INFO - 🔍 Full session ID: nsVuJz-b6626ha
2026-01-29 20:25:44,433 - Knowledge - INFO - 🔍 Redis prefix will be: knowledge:b6626ha:
2026-01-29 20:25:44,590 - Knowledge - INFO - 🔍 Using attached load_from_redis() method
2026-01-29 20:25:44,790 - Knowledge - INFO - 🔍 Attempting to load knowledge from Redis...
2026-01-29 20:25:44,975 - Knowledge - INFO - 🔍 Using derived instance_id for Redis lookup: b6626ha
2026-01-29 20:25:45,137 - Knowledge - INFO - ✅ Redis cache found! Loading knowledge...
2026-01-29 20:25:45,307 - Knowledge - INFO - ✅ Successfully loaded from Redis: 0 files
2026-01-29 20:25:45,460 - Knowledge - INFO - ✅ Redis load complete: 0 files in 0.87s
2026-01-29 20:25:45,632 - Knowledge - INFO - ⚡ Total Redis path: 0.87s (vs ~300s from disk)
2026-01-29 20:25:45,814 - Knowledge - INFO - Saving knowledge to Redis...
2026-01-29 20:25:46,005 - Knowledge - INFO - Knowledge saved to Redis successfully
2026-01-29 21:02:43,704 - Knowledge - INFO - Created shared MongoDB connection pool
2026-01-29 21:02:44,031 - Knowledge - INFO - Starting Knowledge Graph processing with 20 threads
2026-01-29 21:02:44,214 - Knowledge - INFO - Initial configuration: chunk_size=65536, max_cache_size=500
2026-01-29 21:02:44,362 - Knowledge - INFO - Knowledge Graph concurrency configuration: workers=20, max_batch_size=10, max_concurrent_llm_calls=50
2026-01-29 21:02:45,315 - Knowledge - INFO - 🔍 _load_persisted_knowledge called - checking for Redis optimization
2026-01-29 21:02:45,497 - Knowledge - WARNING - ❌ load_from_redis method not found - Redis support not attached
2026-01-29 21:02:45,701 - Knowledge - INFO - load persisted knowledge: begin
2026-01-29 21:02:45,862 - Knowledge - INFO - Loaded 0 files from persisted knowledge
2026-01-29 21:02:46,024 - Knowledge - INFO - load persisted knowledge: end
2026-01-29 21:02:46,185 - Knowledge - WARNING - No persisted knowledge found. Files will be queued during start()
2026-01-29 21:02:46,386 - Knowledge - INFO - Redis support added with prefix knowledge:b6626ha:
2026-01-29 21:02:46,588 - Knowledge - INFO - Starting knowledge initialization for ID: aMzuBh-b6626ha
2026-01-29 21:02:46,754 - Knowledge - INFO - 🔍 Checking Redis for build_id: b6626ha
2026-01-29 21:02:46,936 - Knowledge - INFO - 🔍 Full session ID: aMzuBh-b6626ha
2026-01-29 21:02:47,146 - Knowledge - INFO - 🔍 Redis prefix will be: knowledge:b6626ha:
2026-01-29 21:02:47,333 - Knowledge - INFO - 🔍 Using attached load_from_redis() method
2026-01-29 21:02:47,481 - Knowledge - INFO - 🔍 Attempting to load knowledge from Redis...
2026-01-29 21:02:47,654 - Knowledge - INFO - 🔍 Using derived instance_id for Redis lookup: b6626ha
2026-01-29 21:02:47,817 - Knowledge - INFO - ✅ Redis cache found! Loading knowledge...
2026-01-29 21:02:47,970 - Knowledge - INFO - ✅ Successfully loaded from Redis: 0 files
2026-01-29 21:02:48,108 - Knowledge - INFO - ✅ Redis load complete: 0 files in 0.78s
2026-01-29 21:02:48,313 - Knowledge - INFO - ⚡ Total Redis path: 0.78s (vs ~300s from disk)
2026-01-29 21:02:48,532 - Knowledge - INFO - Saving knowledge to Redis...
2026-01-29 21:02:48,726 - Knowledge - INFO - Knowledge saved to Redis successfully
