2026-01-29 19:28:15,435 - Knowledge - INFO - Created shared MongoDB connection pool
2026-01-29 19:28:15,732 - Knowledge - INFO - Starting Knowledge Graph processing with 20 threads
2026-01-29 19:28:15,909 - Knowledge - INFO - Initial configuration: chunk_size=65536, max_cache_size=500
2026-01-29 19:28:16,071 - Knowledge - INFO - Knowledge Graph concurrency configuration: workers=20, max_batch_size=10, max_concurrent_llm_calls=50
2026-01-29 19:28:17,653 - Knowledge - INFO - 🔍 _load_persisted_knowledge called - checking for Redis optimization
2026-01-29 19:28:17,872 - Knowledge - WARNING - ❌ load_from_redis method not found - Redis support not attached
2026-01-29 19:28:18,029 - Knowledge - INFO - load persisted knowledge: begin
2026-01-29 19:28:18,193 - Knowledge - INFO - Loaded 0 files from persisted knowledge
2026-01-29 19:28:18,365 - Knowledge - INFO - load persisted knowledge: end
2026-01-29 19:28:18,565 - Knowledge - WARNING - No persisted knowledge found. Files will be queued during start()
2026-01-29 19:28:18,754 - Knowledge - INFO - Redis support added with prefix knowledge:b6626ha:
2026-01-29 19:28:18,953 - Knowledge - INFO - Starting knowledge initialization for ID: pORuxh-b6626ha
2026-01-29 19:28:19,149 - Knowledge - INFO - 🔍 Checking Redis for build_id: b6626ha
2026-01-29 19:28:19,346 - Knowledge - INFO - 🔍 Full session ID: pORuxh-b6626ha
2026-01-29 19:28:19,531 - Knowledge - INFO - 🔍 Redis prefix will be: knowledge:b6626ha:
2026-01-29 19:28:19,768 - Knowledge - INFO - 🔍 Using attached load_from_redis() method
2026-01-29 19:28:19,921 - Knowledge - INFO - 🔍 Attempting to load knowledge from Redis...
2026-01-29 19:28:20,107 - Knowledge - INFO - 🔍 Using derived instance_id for Redis lookup: b6626ha
2026-01-29 19:28:20,280 - Knowledge - WARNING - ❌ No Redis cache found
2026-01-29 19:28:20,494 - Knowledge - INFO - 📁 Loading knowledge from disk...
2026-01-29 19:28:20,737 - Knowledge - INFO - load persisted docinfo: begin
2026-01-29 19:28:20,902 - Knowledge - INFO - load persisted docinfo: end
2026-01-29 19:28:21,043 - Knowledge - INFO - 🔍 _load_persisted_knowledge called - checking for Redis optimization
2026-01-29 19:28:21,237 - Knowledge - INFO - ✅ load_from_redis method found - attempting Redis load
2026-01-29 19:28:21,404 - Knowledge - INFO - 🔍 Attempting to load knowledge from Redis...
2026-01-29 19:28:21,610 - Knowledge - INFO - 🔍 Using derived instance_id for Redis lookup: b6626ha
2026-01-29 19:28:21,781 - Knowledge - WARNING - ❌ No Redis cache found
2026-01-29 19:28:21,960 - Knowledge - INFO - ❌ Redis load returned False - falling back to file loading
2026-01-29 19:28:22,113 - Knowledge - INFO - load persisted knowledge: begin
2026-01-29 19:28:22,323 - Knowledge - INFO - Loaded 0 files from persisted knowledge
2026-01-29 19:28:22,499 - Knowledge - INFO - load persisted knowledge: end
2026-01-29 19:28:22,673 - Knowledge - INFO - 📁 Disk load complete in 1.98s
2026-01-29 19:28:22,848 - Knowledge - INFO - Populating ingest queue with source files...
2026-01-29 19:28:23,021 - Knowledge - INFO - Added 0 files from /app/data/b2c/231909/b6626ha/kavia_test-231909 to ingest queue
2026-01-29 19:28:23,230 - Knowledge - INFO - [WEBSOCKET] Sent: Type=progress_update, Size: 156, Duration: 0ms
2026-01-29 19:28:23,389 - Knowledge - INFO - Worker kw1 created using shared MongoDB connection pool
2026-01-29 19:28:23,604 - Knowledge - INFO - knowledge worker kw1 start
2026-01-29 19:28:23,614 - Knowledge - INFO - Saving knowledge to Redis...
2026-01-29 19:28:23,848 - Knowledge - INFO - Knowledge saved to Redis successfully
2026-01-29 19:32:43,175 - Knowledge - INFO - Created shared MongoDB connection pool
2026-01-29 19:32:43,527 - Knowledge - INFO - Starting Knowledge Graph processing with 20 threads
2026-01-29 19:32:43,718 - Knowledge - INFO - Initial configuration: chunk_size=65536, max_cache_size=500
2026-01-29 19:32:43,891 - Knowledge - INFO - Knowledge Graph concurrency configuration: workers=20, max_batch_size=10, max_concurrent_llm_calls=50
2026-01-29 19:32:44,777 - Knowledge - INFO - 🔍 _load_persisted_knowledge called - checking for Redis optimization
2026-01-29 19:32:44,946 - Knowledge - WARNING - ❌ load_from_redis method not found - Redis support not attached
2026-01-29 19:32:45,162 - Knowledge - INFO - load persisted knowledge: begin
2026-01-29 19:32:45,327 - Knowledge - INFO - Loaded 0 files from persisted knowledge
2026-01-29 19:32:45,547 - Knowledge - INFO - load persisted knowledge: end
2026-01-29 19:32:45,719 - Knowledge - WARNING - No persisted knowledge found. Files will be queued during start()
2026-01-29 19:32:45,889 - Knowledge - INFO - Redis support added with prefix knowledge:b6626ha:
2026-01-29 19:32:46,105 - Knowledge - INFO - Starting knowledge initialization for ID: UVDVsF-b6626ha
2026-01-29 19:32:46,309 - Knowledge - INFO - 🔍 Checking Redis for build_id: b6626ha
2026-01-29 19:32:46,491 - Knowledge - INFO - 🔍 Full session ID: UVDVsF-b6626ha
2026-01-29 19:32:46,657 - Knowledge - INFO - 🔍 Redis prefix will be: knowledge:b6626ha:
2026-01-29 19:32:46,855 - Knowledge - INFO - 🔍 Using attached load_from_redis() method
2026-01-29 19:32:47,047 - Knowledge - INFO - 🔍 Attempting to load knowledge from Redis...
2026-01-29 19:32:47,239 - Knowledge - INFO - 🔍 Using derived instance_id for Redis lookup: b6626ha
2026-01-29 19:32:47,419 - Knowledge - INFO - ✅ Redis cache found! Loading knowledge...
2026-01-29 19:32:47,602 - Knowledge - INFO - ✅ Successfully loaded from Redis: 0 files
2026-01-29 19:32:47,765 - Knowledge - INFO - ✅ Redis load complete: 0 files in 0.91s
2026-01-29 19:32:48,006 - Knowledge - INFO - ⚡ Total Redis path: 0.91s (vs ~300s from disk)
2026-01-29 19:32:48,225 - Knowledge - INFO - Saving knowledge to Redis...
2026-01-29 19:32:48,446 - Knowledge - INFO - Knowledge saved to Redis successfully
2026-01-29 19:35:45,237 - Knowledge - INFO - Created shared MongoDB connection pool
2026-01-29 19:35:45,575 - Knowledge - INFO - Starting Knowledge Graph processing with 20 threads
2026-01-29 19:35:45,777 - Knowledge - INFO - Initial configuration: chunk_size=65536, max_cache_size=500
2026-01-29 19:35:45,951 - Knowledge - INFO - Knowledge Graph concurrency configuration: workers=20, max_batch_size=10, max_concurrent_llm_calls=50
2026-01-29 19:35:46,895 - Knowledge - INFO - 🔍 _load_persisted_knowledge called - checking for Redis optimization
2026-01-29 19:35:47,056 - Knowledge - WARNING - ❌ load_from_redis method not found - Redis support not attached
2026-01-29 19:35:47,216 - Knowledge - INFO - load persisted knowledge: begin
2026-01-29 19:35:47,389 - Knowledge - INFO - Loaded 0 files from persisted knowledge
2026-01-29 19:35:47,550 - Knowledge - INFO - load persisted knowledge: end
2026-01-29 19:35:47,736 - Knowledge - WARNING - No persisted knowledge found. Files will be queued during start()
2026-01-29 19:35:47,926 - Knowledge - INFO - Redis support added with prefix knowledge:b6626ha:
2026-01-29 19:35:48,098 - Knowledge - INFO - Starting knowledge initialization for ID: 0AtJbO-b6626ha
2026-01-29 19:35:48,260 - Knowledge - INFO - 🔍 Checking Redis for build_id: b6626ha
2026-01-29 19:35:48,448 - Knowledge - INFO - 🔍 Full session ID: 0AtJbO-b6626ha
2026-01-29 19:35:48,608 - Knowledge - INFO - 🔍 Redis prefix will be: knowledge:b6626ha:
2026-01-29 19:35:48,788 - Knowledge - INFO - 🔍 Using attached load_from_redis() method
2026-01-29 19:35:49,030 - Knowledge - INFO - 🔍 Attempting to load knowledge from Redis...
2026-01-29 19:35:49,190 - Knowledge - INFO - 🔍 Using derived instance_id for Redis lookup: b6626ha
2026-01-29 19:35:49,395 - Knowledge - INFO - ✅ Redis cache found! Loading knowledge...
2026-01-29 19:35:49,595 - Knowledge - INFO - ✅ Successfully loaded from Redis: 0 files
2026-01-29 19:35:49,824 - Knowledge - INFO - ✅ Redis load complete: 0 files in 1.04s
2026-01-29 19:35:50,035 - Knowledge - INFO - ⚡ Total Redis path: 1.04s (vs ~300s from disk)
2026-01-29 19:35:50,236 - Knowledge - INFO - Saving knowledge to Redis...
2026-01-29 19:35:50,429 - Knowledge - INFO - Knowledge saved to Redis successfully
